#-----------------------------------------------------------
# Vivado v2025.2 (64-bit)
# SW Build 6299465 on Fri Nov 14 19:35:11 GMT 2025
# IP Build 6300035 on Fri Nov 14 10:48:45 MST 2025
# SharedData Build 6298862 on Thu Nov 13 04:50:51 MST 2025
# Start of session at: Wed Apr 15 13:19:30 2026
# Process ID         : 13444
# Current directory  : C:/Users/artoe/Documents/DHBW/Semester IV/Entwurf Digitaler Systeme/3_Prokekt_Labor/EDS_Gruppenuhr
# Command line       : vivado.exe -gui_launcher_event rodinguilauncherevent18196 C:\Users\artoe\Documents\DHBW\Semester IV\Entwurf Digitaler Systeme\3_Prokekt_Labor\EDS_Gruppenuhr\EDS_Gruppenuhr.xpr
# Log file           : C:/Users/artoe/Documents/DHBW/Semester IV/Entwurf Digitaler Systeme/3_Prokekt_Labor/EDS_Gruppenuhr/vivado.log
# Journal file       : C:/Users/artoe/Documents/DHBW/Semester IV/Entwurf Digitaler Systeme/3_Prokekt_Labor/EDS_Gruppenuhr\vivado.jou
# Running On         : BOOK-IIJ6TH63CB
# Platform           : Windows Server 2016 or Windows 10
# Operating System   : 26200
# Processor Detail   : 13th Gen Intel(R) Core(TM) i7-1360P
# CPU Frequency      : 2611 MHz
# CPU Physical cores : 12
# CPU Logical cores  : 16
# Host memory        : 16854 MB
# Swap memory        : 3489 MB
# Total Virtual      : 20344 MB
# Available Virtual  : 8826 MB
#-----------------------------------------------------------
start_guioopen_project {C:/Users/artoe/Documents/DHBW/Semester IV/Entwurf Digitaler Systeme/3_Prokekt_Labor/EDS_Gruppenuhr/EDS_Gruppenuhr.xpr}uupdate_compile_order -fileset sources_1
remove_files  {{C:/Users/artoe/Documents/DHBW/Semester IV/Entwurf Digitaler Systeme/3_Prokekt_Labor/EDS_Gruppenuhr/EDS_Gruppenuhr.srcs/sources_1/imports/Desktop/schachuhr.vhd}}
add_files -norecurse {{C:/Users/artoe/Documents/DHBW/Semester IV/Entwurf Digitaler Systeme/3_Prokekt_Labor/EDS_Gruppenuhr/EDS_Gruppenuhr.srcs/sources_1/imports/Desktop/schachuhr.vhdl}}
file mkdir C:/Users/artoe/Documents/DHBW/Semester IV/Entwurf Digitaler Systeme/3_Prokekt_Labor/EDS_Gruppenuhr/EDS_Gruppenuhr.srcs/sources_1/new
file mkdir C:/Users/artoe/Documents/DHBW/Semester IV/Entwurf Digitaler Systeme/3_Prokekt_Labor/EDS_Gruppenuhr/EDS_Gruppenuhr.srcs/sources_1/new
file mkdir C:/Users/artoe/Documents/DHBW/Semester IV/Entwurf Digitaler Systeme/3_Prokekt_Labor/EDS_Gruppenuhr/EDS_Gruppenuhr.srcs/sources_1/new
file mkdir C:/Users/artoe/Documents/DHBW/Semester IV/Entwurf Digitaler Systeme/3_Prokekt_Labor/EDS_Gruppenuhr/EDS_Gruppenuhr.srcs/sources_1/new
file mkdir C:/Users/artoe/Documents/DHBW/Semester IV/Entwurf Digitaler Systeme/3_Prokekt_Labor/EDS_Gruppenuhr/EDS_Gruppenuhr.srcs/sources_1/new
file mkdir C:/Users/artoe/Documents/DHBW/Semester IV/Entwurf Digitaler Systeme/3_Prokekt_Labor/EDS_Gruppenuhr/EDS_Gruppenuhr.srcs/sources_1/new
file mkdir {C:/Users/artoe/Documents/DHBW/Semester IV/Entwurf Digitaler Systeme/3_Prokekt_Labor/EDS_Gruppenuhr/EDS_Gruppenuhr.srcs/sources_1/new}
close [ open {C:/Users/artoe/Documents/DHBW/Semester IV/Entwurf Digitaler Systeme/3_Prokekt_Labor/EDS_Gruppenuhr/EDS_Gruppenuhr.srcs/sources_1/new/Test_Anzeige.vhd} w ]
add_files {{C:/Users/artoe/Documents/DHBW/Semester IV/Entwurf Digitaler Systeme/3_Prokekt_Labor/EDS_Gruppenuhr/EDS_Gruppenuhr.srcs/sources_1/new/Test_Anzeige.vhd}}
update_compile_order -fileset sources_1
close [ open {C:/Users/artoe/Documents/DHBW/Semester IV/Entwurf Digitaler Systeme/3_Prokekt_Labor/EDS_Gruppenuhr/EDS_Gruppenuhr.srcs/sources_1/new/Test_schachuhr.vhd} w ]
add_files {{C:/Users/artoe/Documents/DHBW/Semester IV/Entwurf Digitaler Systeme/3_Prokekt_Labor/EDS_Gruppenuhr/EDS_Gruppenuhr.srcs/sources_1/new/Test_schachuhr.vhd}}
update_compile_order -fileset sources_1
update_compile_order -fileset sources_1
import_files -norecurse {{C:/Users/artoe/Documents/DHBW/Semester IV/Entwurf Digitaler Systeme/3_Prokekt_Labor/Code Ablage/schachuhr_displ.vhd}}
update_compile_order -fileset sources_1
remove_files  {{C:/Users/artoe/Documents/DHBW/Semester IV/Entwurf Digitaler Systeme/3_Prokekt_Labor/EDS_Gruppenuhr/EDS_Gruppenuhr.srcs/sources_1/imports/Code Ablage/schachuhr_displ.vhd}}
import_files -force -norecurse {{C:/Users/artoe/Documents/DHBW/Semester IV/Entwurf Digitaler Systeme/3_Prokekt_Labor/Code Ablage/schachuhr_displ.vhd}}
update_compile_order -fileset sources_1
update_compile_order -fileset sources_1
launch_simulation
launch_simulation
launch_simulation
launch_simulation
launch_simulation
launch_simulation
launch_simulation
launch_simulation
launch_simulation
source Test_Anzeige.tcl
run all
close_sim
launch_simulation
source Test_Anzeige.tcl
close_sim
launch_simulation
source Test_Anzeige.tcl
run all
close_sim
launch_simulation
source Test_Anzeige.tcl
run 2 ms
close_sim
launch_simulation
source Test_Anzeige.tcl
run 2 ms
run 2 us
close_sim
launch_simulation
source Test_Anzeige.tcl
run 2 us
current_wave_config {Untitled 6}
add_wave {{/Test_Anzeige/DUT/DOut}} 
relaunch_sim
close_sim
